ï¿½ï¿½+j5
[0;32mI (3ï¿½ets Jul 29 2019 12:21:46

rst:0x1 (POWERON_RESET),boot:0x13 (SPI_FAST_FLASH_BOOT)
configsip: 0, SPIWP:0xee
clk_drv:0x00,q_drv:0x00,d_drv:0x00,cs0_drv:0x00,hd_drv:0x00,wp_drv:0x00
mode:DIO, clock div:2
load:0x3fff0030,len:7176
load:0x40078000,len:15564
ho 0 tail 12 room 4
load:0x40080400,len:4
load:0x40080404,len:3904
entry 0x40080640
[0;32mI (31) boot: ESP-IDF v5.3-dirty 2nd stage bootloader[0m
[0;32mI (31) boot: compile time Oct  3 2024 21:15:20[0m
[0;32mI (31) boot: Multicore bootloader[0m
[0;32mI (36) boot: chip revision: v3.0[0m
[0;32mI (40) boot.esp32: SPI Speed      : 40MHz[0m
[0;32mI (44) boot.esp32: SPI Mode       : DIO[0m
[0;32mI (49) boot.esp32: SPI Flash Size : 4MB[0m
[0;32mI (53) boot: Enabling RNG early entropy source...[0m
[0;32mI (59) boot: Partition Table:[0m
[0;32mI (62) boot: ## Label            Usage          Type ST Offset   Length[0m
[0;32mI (70) boot:  0 nvs              WiFi data        01 02 00009000 00006000[0m
[0;32mI (77) boot:  1 phy_init         RF data          01 01 0000f000 00001000[0m
[0;32mI (84) boot:  2 factory          factory app      00 00 00010000 00100000[0m
[0;32mI (92) boot: End of partition table[0m
[0;32mI (96) esp_image: segment 0: paddr=00010020 vaddr=3f400020 size=2503ch (151612) map[0m
[0;32mI (157) esp_image: segment 1: paddr=00035064 vaddr=3ffb0000 size=03eb4h ( 16052) load[0m
[0;32mI (163) esp_image: segment 2: paddr=00038f20 vaddr=40080000 size=070f8h ( 28920) load[0m
[0;32mI (174) esp_image: segment 3: paddr=00040020 vaddr=400d0020 size=9c760h (640864) map[0m
[0;32mI (394) esp_image: segment 4: paddr=000dc788 vaddr=400870f8 size=1022ch ( 66092) load[0m
[0;32mI (432) boot: Loaded app from partition at offset 0x10000[0m
[0;32mI (432) boot: Disabling RNG early entropy source...[0m
[0;32mI (444) cpu_start: Multicore app[0m
[0;32mI (452) cpu_start: Pro cpu start user code[0m
[0;32mI (452) cpu_start: cpu freq: 160000000 Hz[0m
[0;32mI (453) app_init: Application information:[0m
[0;32mI (455) app_init: Project name:     mqtt_tcp[0m
[0;32mI (460) app_init: App version:      1[0m
[0;32mI (465) app_init: Compile time:     Oct  3 2024 21:14:21[0m
[0;32mI (471) app_init: ELF file SHA256:  f317ac313...[0m
[0;32mI (476) app_init: ESP-IDF:          v5.3-dirty[0m
[0;32mI (481) efuse_init: Min chip rev:     v0.0[0m
[0;32mI (486) efuse_init: Max chip rev:     v3.99 [0m
[0;32mI (491) efuse_init: Chip rev:         v3.0[0m
[0;32mI (496) heap_init: Initializing. RAM available for dynamic allocation:[0m
[0;32mI (503) heap_init: At 3FFAE6E0 len 00001920 (6 KiB): DRAM[0m
[0;32mI (509) heap_init: At 3FFB86D0 len 00027930 (158 KiB): DRAM[0m
[0;32mI (515) heap_init: At 3FFE0440 len 00003AE0 (14 KiB): D/IRAM[0m
[0;32mI (521) heap_init: At 3FFE4350 len 0001BCB0 (111 KiB): D/IRAM[0m
[0;32mI (528) heap_init: At 40097324 len 00008CDC (35 KiB): IRAM[0m
[0;32mI (536) spi_flash: detected chip: generic[0m
[0;32mI (539) spi_flash: flash io: dio[0m
[0;32mI (544) main_task: Started on CPU0[0m
[0;32mI (548) main_task: Calling app_main()[0m
[0;32mI (551) mqtt_example: [APP] Startup..[0m
[0;32mI (555) mqtt_example: [APP] Free memory: 277236 bytes[0m
[0;32mI (561) mqtt_example: [APP] IDF version: v5.3-dirty[0m
[0;32mI (577) example_connect: Start example_connect.[0m
I (579) wifi:wifi driver task: 3ffc022c, prio:23, stack:6656, core=0
I (584) wifi:wifi firmware version: 0caa81945
I (585) wifi:wifi certification version: v7.0
I (586) wifi:config NVS flash: enabled
I (590) wifi:config nano formating: disabled
I (594) wifi:Init data frame dynamic rx buffer num: 32
I (599) wifi:Init static rx mgmt buffer num: 5
I (603) wifi:Init management short buffer num: 32
I (607) wifi:Init dynamic tx buffer num: 32
I (611) wifi:Init static rx buffer size: 1600
I (615) wifi:Init static rx buffer num: 10
I (619) wifi:Init dynamic rx buffer num: 32
[0;32mI (624) wifi_init: rx ba win: 6[0m
[0;32mI (627) wifi_init: accept mbox: 6[0m
[0;32mI (630) wifi_init: tcpip mbox: 32[0m
[0;32mI (634) wifi_init: udp mbox: 6[0m
[0;32mI (638) wifi_init: tcp mbox: 6[0m
[0;32mI (642) wifi_init: tcp tx win: 5760[0m
[0;32mI (646) wifi_init: tcp rx win: 5760[0m
[0;32mI (650) wifi_init: tcp mss: 1440[0m
[0;32mI (654) wifi_init: WiFi IRAM OP enabled[0m
[0;32mI (659) wifi_init: WiFi RX IRAM OP enabled[0m
[0;32mI (666) phy_init: phy_version 4830,54550f7,Jun 20 2024,14:22:08[0m
I (746) wifi:mode : sta (94:e6:86:3c:d1:98)
I (747) wifi:enable tsf
[0;32mI (750) example_connect: Connecting to WE...[0m
[0;32mI (754) example_connect: Waiting for IP(s)[0m
I (3418) wifi:new:<7,0>, old:<1,0>, ap:<255,255>, sta:<7,0>, prof:1, snd_ch_cfg:0x0
I (3420) wifi:state: init -> auth (0xb0)
I (3425) wifi:state: auth -> assoc (0x0)
I (3431) wifi:state: assoc -> run (0x10)
I (3532) wifi:[ADDBA]RX DELBA, reason:39, delete tid:0, initiator:1(originator)
I (3533) wifi:[ADDBA]RX DELBA, reason:39, delete tid:0, initiator:0(recipient)
I (3536) wifi:[ADDBA]RX DELBA, reason:39, delete tid:6, initiator:1(originator)
I (3557) wifi:connected with WE, aid = 1, channel 7, BW20, bssid = 04:20:84:4c:90:bc
I (3558) wifi:security: WPA2-PSK, phy: bgn, rssi: -57
I (3559) wifi:pm start, type: 1

I (3562) wifi:dp: 1, bi: 102400, li: 3, scale listen interval from 307200 us to 307200 us
I (3576) wifi:AP's beacon interval = 102400 us, DTIM period = 1
[0;32mI (4576) example_connect: Got IPv6 event: Interface "example_netif_sta" address: fe80:0000:0000:0000:96e6:86ff:fe3c:d198, type: ESP_IP6_ADDR_IS_LINK_LOCAL[0m
I (5743) wifi:<ba-add>idx:0 (ifx:0, 04:20:84:4c:90:bc), tid:0, ssn:0, winSize:64
[0;32mI (6576) esp_netif_handlers: example_netif_sta ip: 192.168.1.7, mask: 255.255.255.0, gw: 192.168.1.1[0m
[0;32mI (6577) example_connect: Got IPv4 event: Interface "example_netif_sta" address: 192.168.1.7[0m
[0;32mI (6585) example_common: Connected to example_netif_sta[0m
[0;32mI (6590) example_common: - IPv4 address: 192.168.1.7,[0m
[0;32mI (6596) example_common: - IPv6 address: fe80:0000:0000:0000:96e6:86ff:fe3c:d198, type: ESP_IP6_ADDR_IS_LINK_LOCAL[0m
I (6632) wifi:<ba-add>idx:1 (ifx:0, 04:20:84:4c:90:bc), tid:6, ssn:3, winSize:64
Connected to MQTT broker and subscribed to LED topics
